------------------------------------------------------------
TimeQuest Timing Analyzer Summary
------------------------------------------------------------

Type  : Slow 1200mV 85C Model Setup 'CLOCK_50'
Slack : -2.059
TNS   : -39.295

Type  : Slow 1200mV 85C Model Setup 'delay'
Slack : -0.667
TNS   : -2.851

Type  : Slow 1200mV 85C Model Hold 'delay'
Slack : 0.345
TNS   : 0.000

Type  : Slow 1200mV 85C Model Hold 'CLOCK_50'
Slack : 0.497
TNS   : 0.000

Type  : Slow 1200mV 85C Model Minimum Pulse Width 'CLOCK_50'
Slack : -3.000
TNS   : -31.000

Type  : Slow 1200mV 85C Model Minimum Pulse Width 'delay'
Slack : -1.000
TNS   : -8.000

Type  : Slow 1200mV 0C Model Setup 'CLOCK_50'
Slack : -1.780
TNS   : -31.927

Type  : Slow 1200mV 0C Model Setup 'delay'
Slack : -0.485
TNS   : -1.820

Type  : Slow 1200mV 0C Model Hold 'delay'
Slack : 0.301
TNS   : 0.000

Type  : Slow 1200mV 0C Model Hold 'CLOCK_50'
Slack : 0.436
TNS   : 0.000

Type  : Slow 1200mV 0C Model Minimum Pulse Width 'CLOCK_50'
Slack : -3.000
TNS   : -31.000

Type  : Slow 1200mV 0C Model Minimum Pulse Width 'delay'
Slack : -1.000
TNS   : -8.000

Type  : Fast 1200mV 0C Model Setup 'CLOCK_50'
Slack : -0.729
TNS   : -10.867

Type  : Fast 1200mV 0C Model Setup 'delay'
Slack : 0.067
TNS   : 0.000

Type  : Fast 1200mV 0C Model Hold 'delay'
Slack : 0.180
TNS   : 0.000

Type  : Fast 1200mV 0C Model Hold 'CLOCK_50'
Slack : 0.271
TNS   : 0.000

Type  : Fast 1200mV 0C Model Minimum Pulse Width 'CLOCK_50'
Slack : -3.000
TNS   : -32.730

Type  : Fast 1200mV 0C Model Minimum Pulse Width 'delay'
Slack : -1.000
TNS   : -8.000

------------------------------------------------------------
