------------------------------------------------------------
TimeQuest Timing Analyzer Summary
------------------------------------------------------------

Type  : Slow 1200mV 85C Model Setup 'CLOCK_50'
Slack : -2.258
TNS   : -36.797

Type  : Slow 1200mV 85C Model Setup 'delay'
Slack : 0.062
TNS   : 0.000

Type  : Slow 1200mV 85C Model Hold 'delay'
Slack : 0.392
TNS   : 0.000

Type  : Slow 1200mV 85C Model Hold 'CLOCK_50'
Slack : 0.557
TNS   : 0.000

Type  : Slow 1200mV 85C Model Minimum Pulse Width 'CLOCK_50'
Slack : -3.000
TNS   : -30.000

Type  : Slow 1200mV 85C Model Minimum Pulse Width 'delay'
Slack : -1.000
TNS   : -10.000

Type  : Slow 1200mV 0C Model Setup 'CLOCK_50'
Slack : -1.922
TNS   : -29.646

Type  : Slow 1200mV 0C Model Setup 'delay'
Slack : 0.158
TNS   : 0.000

Type  : Slow 1200mV 0C Model Hold 'delay'
Slack : 0.350
TNS   : 0.000

Type  : Slow 1200mV 0C Model Hold 'CLOCK_50'
Slack : 0.499
TNS   : 0.000

Type  : Slow 1200mV 0C Model Minimum Pulse Width 'CLOCK_50'
Slack : -3.000
TNS   : -30.000

Type  : Slow 1200mV 0C Model Minimum Pulse Width 'delay'
Slack : -1.000
TNS   : -10.000

Type  : Fast 1200mV 0C Model Setup 'CLOCK_50'
Slack : -0.873
TNS   : -10.298

Type  : Fast 1200mV 0C Model Setup 'delay'
Slack : 0.490
TNS   : 0.000

Type  : Fast 1200mV 0C Model Hold 'delay'
Slack : 0.211
TNS   : 0.000

Type  : Fast 1200mV 0C Model Hold 'CLOCK_50'
Slack : 0.299
TNS   : 0.000

Type  : Fast 1200mV 0C Model Minimum Pulse Width 'CLOCK_50'
Slack : -3.000
TNS   : -38.509

Type  : Fast 1200mV 0C Model Minimum Pulse Width 'delay'
Slack : -1.000
TNS   : -10.000

------------------------------------------------------------
